[2018-04-24T20:03:29.814-0500][0.017s] Using Concurrent Mark Sweep
[2018-04-24T20:03:29.814-0500][0.017s] Heap address: 0x00000000e0000000, size: 512 MB, Compressed Oops mode: 32-bit
[2018-04-24T20:03:31.783-0500][1.983s] GC(0) Pause Young (Allocation Failure)
[2018-04-24T20:03:31.783-0500][1.983s] GC(0) Using 4 workers of 4 for evacuation
[2018-04-24T20:03:31.783-0500][1.992s] GC(0) ParNew: 87424K->14011K(109248K)
[2018-04-24T20:03:31.783-0500][1.992s] GC(0) CMS: 0K->0K(393216K)
[2018-04-24T20:03:31.783-0500][1.992s] GC(0) Metaspace: 20707K->20707K(1069056K)
[2018-04-24T20:03:31.783-0500][1.992s] GC(0) Pause Young (Allocation Failure) 85M->13M(490M) 8.859ms
[2018-04-24T20:03:31.783-0500][1.992s] GC(0) User=0.00s Sys=0.00s Real=0.00s
[2018-04-24T20:03:31.783-0500][1.993s] GC(1) Pause Initial Mark
[2018-04-24T20:03:31.783-0500][1.994s] GC(1) Pause Initial Mark 15M->15M(490M) 1.218ms
[2018-04-24T20:03:31.783-0500][1.994s] GC(1) User=0.00s Sys=0.00s Real=0.00s
[2018-04-24T20:03:31.783-0500][1.994s] GC(1) Concurrent Mark
[2018-04-24T20:03:31.783-0500][1.994s] GC(1) Using 4 workers of 4 for marking
[2018-04-24T20:03:31.783-0500][1.994s] GC(1) Concurrent Mark 0.485ms
[2018-04-24T20:03:31.783-0500][1.994s] GC(1) User=0.00s Sys=0.00s Real=0.00s
[2018-04-24T20:03:31.783-0500][1.994s] GC(1) Concurrent Preclean
[2018-04-24T20:03:31.783-0500][1.995s] GC(1) Concurrent Preclean 0.501ms
[2018-04-24T20:03:31.783-0500][1.995s] GC(1) User=0.00s Sys=0.00s Real=0.00s
[2018-04-24T20:03:31.783-0500][1.995s] GC(1) Concurrent Abortable Preclean
[2018-04-24T20:03:36.843-0500][7.043s] GC(1) Concurrent Abortable Preclean 5048.014ms
[2018-04-24T20:03:36.843-0500][7.043s] GC(1) User=3.02s Sys=0.05s Real=5.06s
[2018-04-24T20:03:36.843-0500][7.043s] GC(1) Pause Remark
[2018-04-24T20:03:36.843-0500][7.043s] GC(2) Pause Young (CMS Final Remark)
[2018-04-24T20:03:36.843-0500][7.043s] GC(2) Using 4 workers of 4 for evacuation
[2018-04-24T20:03:36.850-0500][7.050s] GC(2) ParNew: 59780K->18704K(109248K)
[2018-04-24T20:03:36.850-0500][7.050s] GC(2) CMS: 0K->0K(393216K)
[2018-04-24T20:03:36.851-0500][7.050s] GC(2) Metaspace: 26195K->26195K(1073152K)
[2018-04-24T20:03:36.851-0500][7.050s] GC(2) Pause Young (CMS Final Remark) 58M->18M(490M) 7.413ms
[2018-04-24T20:03:36.851-0500][7.050s] GC(2) User=0.05s Sys=0.00s Real=0.01s
[2018-04-24T20:03:36.859-0500][7.059s] GC(1) Pause Remark 58M->18M(490M) 15.857ms
[2018-04-24T20:03:36.859-0500][7.059s] GC(1) User=0.08s Sys=0.00s Real=0.02s
[2018-04-24T20:03:36.859-0500][7.059s] GC(1) Concurrent Sweep
[2018-04-24T20:03:36.859-0500][7.059s] GC(1) Concurrent Sweep 0.048ms
[2018-04-24T20:03:36.859-0500][7.059s] GC(1) User=0.00s Sys=0.00s Real=0.00s
[2018-04-24T20:03:36.859-0500][7.059s] GC(1) Concurrent Reset
[2018-04-24T20:03:36.861-0500][7.061s] GC(1) Concurrent Reset 2.150ms
[2018-04-24T20:03:36.861-0500][7.061s] GC(1) User=0.00s Sys=0.00s Real=0.00s
[2018-04-24T20:03:36.861-0500][7.061s] GC(1) Old: 0K->0K(393216K)
[2018-04-24T20:03:37.858-0500][8.063s] GC(3) Pause Young (Allocation Failure)
[2018-04-24T20:03:37.858-0500][8.063s] GC(3) Using 4 workers of 4 for evacuation
[2018-04-24T20:03:37.858-0500][8.072s] GC(3) ParNew: 106128K->21824K(109248K)
[2018-04-24T20:03:37.858-0500][8.072s] GC(3) CMS: 0K->216K(393216K)
[2018-04-24T20:03:37.858-0500][8.072s] GC(3) Metaspace: 29622K->29622K(1077248K)
[2018-04-24T20:03:37.858-0500][8.072s] GC(3) Pause Young (Allocation Failure) 103M->21M(490M) 9.269ms
[2018-04-24T20:03:37.858-0500][8.072s] GC(3) User=0.00s Sys=0.00s Real=0.00s
[2018-04-24T20:03:38.060-0500][8.268s] GC(4) Pause Young (Allocation Failure)
[2018-04-24T20:03:38.060-0500][8.268s] GC(4) Using 4 workers of 4 for evacuation
[2018-04-24T20:03:38.076-0500][8.285s] GC(4) ParNew: 109248K->21466K(109248K)
[2018-04-24T20:03:38.076-0500][8.285s] GC(4) CMS: 216K->9770K(393216K)
[2018-04-24T20:03:38.076-0500][8.285s] GC(4) Metaspace: 31426K->31426K(1079296K)
[2018-04-24T20:03:38.076-0500][8.285s] GC(4) Pause Young (Allocation Failure) 106M->30M(490M) 16.965ms
[2018-04-24T20:03:38.076-0500][8.285s] GC(4) User=0.06s Sys=0.00s Real=0.02s
[2018-04-24T20:03:38.122-0500][8.332s] GC(5) Pause Young (Allocation Failure)
[2018-04-24T20:03:38.122-0500][8.332s] GC(5) Using 4 workers of 4 for evacuation
[2018-04-24T20:03:38.138-0500][8.339s] GC(5) ParNew: 108877K->12518K(109248K)
[2018-04-24T20:03:38.138-0500][8.339s] GC(5) CMS: 9770K->9770K(393216K)
[2018-04-24T20:03:38.138-0500][8.339s] GC(5) Metaspace: 31619K->31619K(1079296K)
[2018-04-24T20:03:38.138-0500][8.339s] GC(5) Pause Young (Allocation Failure) 115M->21M(490M) 6.657ms
[2018-04-24T20:03:38.138-0500][8.339s] GC(5) User=0.05s Sys=0.00s Real=0.02s
[2018-04-24T20:03:38.185-0500][8.395s] GC(6) Pause Young (Allocation Failure)
[2018-04-24T20:03:38.185-0500][8.395s] GC(6) Using 4 workers of 4 for evacuation
[2018-04-24T20:03:38.201-0500][8.401s] GC(6) ParNew: 99942K->17032K(109248K)
[2018-04-24T20:03:38.201-0500][8.401s] GC(6) CMS: 9770K->9770K(393216K)
[2018-04-24T20:03:38.201-0500][8.401s] GC(6) Metaspace: 31813K->31813K(1079296K)
[2018-04-24T20:03:38.201-0500][8.401s] GC(6) Pause Young (Allocation Failure) 107M->26M(490M) 5.961ms
[2018-04-24T20:03:38.201-0500][8.401s] GC(6) User=0.05s Sys=0.00s Real=0.02s
[2018-04-24T20:03:38.669-0500][8.870s] GC(7) Pause Young (Allocation Failure)
[2018-04-24T20:03:38.669-0500][8.870s] GC(7) Using 4 workers of 4 for evacuation
[2018-04-24T20:03:38.669-0500][8.875s] GC(7) ParNew: 104456K->15090K(109248K)
[2018-04-24T20:03:38.669-0500][8.875s] GC(7) CMS: 9770K->9770K(393216K)
[2018-04-24T20:03:38.669-0500][8.875s] GC(7) Metaspace: 35255K->35255K(1081344K)
[2018-04-24T20:03:38.669-0500][8.875s] GC(7) Pause Young (Allocation Failure) 111M->24M(490M) 5.411ms
[2018-04-24T20:03:38.669-0500][8.875s] GC(7) User=0.00s Sys=0.00s Real=0.00s
[2018-04-24T20:03:43.526-0500][13.738s] GC(8) Pause Young (Allocation Failure)
[2018-04-24T20:03:43.526-0500][13.738s] GC(8) Using 4 workers of 4 for evacuation
[2018-04-24T20:03:43.541-0500][13.745s] GC(8) ParNew: 102514K->21756K(109248K)
[2018-04-24T20:03:43.541-0500][13.746s] GC(8) CMS: 9770K->9770K(393216K)
[2018-04-24T20:03:43.541-0500][13.746s] GC(8) Metaspace: 37317K->37317K(1083392K)
[2018-04-24T20:03:43.541-0500][13.746s] GC(8) Pause Young (Allocation Failure) 109M->30M(490M) 7.584ms
[2018-04-24T20:03:43.541-0500][13.746s] GC(8) User=0.06s Sys=0.00s Real=0.01s
[2018-04-24T20:23:33.739-0500][1203.939s] GC(9) Pause Young (Allocation Failure)
[2018-04-24T20:23:33.740-0500][1203.939s] GC(9) Using 4 workers of 4 for evacuation
[2018-04-24T20:23:33.749-0500][1203.949s] GC(9) ParNew: 109180K->21824K(109248K)
[2018-04-24T20:23:33.750-0500][1203.949s] GC(9) CMS: 9770K->10741K(393216K)
[2018-04-24T20:23:33.750-0500][1203.949s] GC(9) Metaspace: 41856K->41856K(1087488K)
[2018-04-24T20:23:33.750-0500][1203.949s] GC(9) Pause Young (Allocation Failure) 116M->31M(490M) 10.083ms
[2018-04-24T20:23:33.750-0500][1203.949s] GC(9) User=0.00s Sys=0.02s Real=0.01s
