[2018-04-24T20:34:23.188-0500][0.017s] Using Concurrent Mark Sweep
[2018-04-24T20:34:23.188-0500][0.017s] Heap address: 0x00000000e0000000, size: 512 MB, Compressed Oops mode: 32-bit
[2018-04-24T20:34:24.438-0500][1.274s] GC(0) Pause Young (Allocation Failure)
[2018-04-24T20:34:24.438-0500][1.274s] GC(0) Using 4 workers of 4 for evacuation
[2018-04-24T20:34:24.454-0500][1.282s] GC(0) ParNew: 87424K->14014K(109248K)
[2018-04-24T20:34:24.454-0500][1.282s] GC(0) CMS: 0K->0K(393216K)
[2018-04-24T20:34:24.454-0500][1.282s] GC(0) Metaspace: 20705K->20705K(1069056K)
[2018-04-24T20:34:24.454-0500][1.282s] GC(0) Pause Young (Allocation Failure) 85M->13M(490M) 8.112ms
[2018-04-24T20:34:24.454-0500][1.282s] GC(0) User=0.06s Sys=0.00s Real=0.02s
[2018-04-24T20:34:24.454-0500][1.282s] GC(1) Pause Initial Mark
[2018-04-24T20:34:24.454-0500][1.284s] GC(1) Pause Initial Mark 13M->13M(490M) 1.551ms
[2018-04-24T20:34:24.454-0500][1.284s] GC(1) User=0.00s Sys=0.00s Real=0.00s
[2018-04-24T20:34:24.454-0500][1.284s] GC(1) Concurrent Mark
[2018-04-24T20:34:24.454-0500][1.284s] GC(1) Using 4 workers of 4 for marking
[2018-04-24T20:34:24.454-0500][1.285s] GC(1) Concurrent Mark 0.880ms
[2018-04-24T20:34:24.454-0500][1.285s] GC(1) User=0.00s Sys=0.00s Real=0.00s
[2018-04-24T20:34:24.454-0500][1.285s] GC(1) Concurrent Preclean
[2018-04-24T20:34:24.454-0500][1.285s] GC(1) Concurrent Preclean 0.540ms
[2018-04-24T20:34:24.454-0500][1.285s] GC(1) User=0.00s Sys=0.00s Real=0.00s
[2018-04-24T20:34:24.454-0500][1.285s] GC(1) Pause Remark
[2018-04-24T20:34:24.454-0500][1.286s] GC(2) Pause Young (CMS Final Remark)
[2018-04-24T20:34:24.454-0500][1.286s] GC(2) Using 4 workers of 4 for evacuation
[2018-04-24T20:34:24.454-0500][1.292s] GC(2) ParNew: 15777K->16797K(109248K)
[2018-04-24T20:34:24.454-0500][1.292s] GC(2) CMS: 0K->0K(393216K)
[2018-04-24T20:34:24.454-0500][1.292s] GC(2) Metaspace: 20708K->20708K(1069056K)
[2018-04-24T20:34:24.454-0500][1.292s] GC(2) Pause Young (CMS Final Remark) 15M->16M(490M) 6.212ms
[2018-04-24T20:34:24.454-0500][1.292s] GC(2) User=0.00s Sys=0.00s Real=0.00s
[2018-04-24T20:34:24.469-0500][1.297s] GC(1) Pause Remark 15M->16M(490M) 11.249ms
[2018-04-24T20:34:24.469-0500][1.297s] GC(1) User=0.03s Sys=0.00s Real=0.02s
[2018-04-24T20:34:24.469-0500][1.297s] GC(1) Concurrent Sweep
[2018-04-24T20:34:24.469-0500][1.297s] GC(1) Concurrent Sweep 0.042ms
[2018-04-24T20:34:24.469-0500][1.297s] GC(1) User=0.00s Sys=0.00s Real=0.00s
[2018-04-24T20:34:24.469-0500][1.297s] GC(1) Concurrent Reset
[2018-04-24T20:34:24.469-0500][1.299s] GC(1) Concurrent Reset 2.097ms
[2018-04-24T20:34:24.469-0500][1.299s] GC(1) User=0.00s Sys=0.00s Real=0.00s
[2018-04-24T20:34:24.469-0500][1.299s] GC(1) Old: 0K->0K(393216K)
[2018-04-24T20:34:29.513-0500][6.350s] GC(3) Pause Young (Allocation Failure)
[2018-04-24T20:34:29.513-0500][6.350s] GC(3) Using 4 workers of 4 for evacuation
[2018-04-24T20:34:29.529-0500][6.360s] GC(3) ParNew: 104221K->21824K(109248K)
[2018-04-24T20:34:29.529-0500][6.360s] GC(3) CMS: 0K->567K(393216K)
[2018-04-24T20:34:29.529-0500][6.360s] GC(3) Metaspace: 27328K->27328K(1075200K)
[2018-04-24T20:34:29.529-0500][6.360s] GC(3) Pause Young (Allocation Failure) 101M->21M(490M) 9.306ms
[2018-04-24T20:34:29.529-0500][6.360s] GC(3) User=0.06s Sys=0.00s Real=0.02s
[2018-04-24T20:34:29.747-0500][6.573s] GC(4) Pause Young (Allocation Failure)
[2018-04-24T20:34:29.747-0500][6.573s] GC(4) Using 4 workers of 4 for evacuation
[2018-04-24T20:34:29.763-0500][6.589s] GC(4) ParNew: 109227K->21824K(109248K)
[2018-04-24T20:34:29.763-0500][6.589s] GC(4) CMS: 567K->10123K(393216K)
[2018-04-24T20:34:29.763-0500][6.589s] GC(4) Metaspace: 29940K->29940K(1077248K)
[2018-04-24T20:34:29.763-0500][6.589s] GC(4) Pause Young (Allocation Failure) 107M->31M(490M) 16.161ms
[2018-04-24T20:34:29.763-0500][6.589s] GC(4) User=0.06s Sys=0.00s Real=0.02s
[2018-04-24T20:34:29.819-0500][6.645s] GC(5) Pause Young (Allocation Failure)
[2018-04-24T20:34:29.819-0500][6.645s] GC(5) Using 4 workers of 4 for evacuation
[2018-04-24T20:34:29.823-0500][6.649s] GC(5) ParNew: 109248K->12761K(109248K)
[2018-04-24T20:34:29.823-0500][6.649s] GC(5) CMS: 10123K->10123K(393216K)
[2018-04-24T20:34:29.823-0500][6.649s] GC(5) Metaspace: 30380K->30380K(1077248K)
[2018-04-24T20:34:29.823-0500][6.649s] GC(5) Pause Young (Allocation Failure) 116M->22M(490M) 4.071ms
[2018-04-24T20:34:29.823-0500][6.649s] GC(5) User=0.00s Sys=0.00s Real=0.00s
[2018-04-24T20:34:29.860-0500][6.697s] GC(6) Pause Young (Allocation Failure)
[2018-04-24T20:34:29.860-0500][6.697s] GC(6) Using 4 workers of 4 for evacuation
[2018-04-24T20:34:29.860-0500][6.700s] GC(6) ParNew: 100185K->14451K(109248K)
[2018-04-24T20:34:29.860-0500][6.700s] GC(6) CMS: 10123K->10123K(393216K)
[2018-04-24T20:34:29.860-0500][6.700s] GC(6) Metaspace: 30585K->30585K(1077248K)
[2018-04-24T20:34:29.860-0500][6.701s] GC(6) Pause Young (Allocation Failure) 107M->23M(490M) 3.788ms
[2018-04-24T20:34:29.860-0500][6.701s] GC(6) User=0.00s Sys=0.00s Real=0.00s
[2018-04-24T20:34:30.078-0500][6.908s] GC(7) Pause Young (Allocation Failure)
[2018-04-24T20:34:30.078-0500][6.908s] GC(7) Using 4 workers of 4 for evacuation
[2018-04-24T20:34:30.078-0500][6.912s] GC(7) ParNew: 101875K->13939K(109248K)
[2018-04-24T20:34:30.078-0500][6.912s] GC(7) CMS: 10123K->10123K(393216K)
[2018-04-24T20:34:30.078-0500][6.912s] GC(7) Metaspace: 32576K->32576K(1079296K)
[2018-04-24T20:34:30.078-0500][6.912s] GC(7) Pause Young (Allocation Failure) 109M->23M(490M) 4.178ms
[2018-04-24T20:34:30.078-0500][6.912s] GC(7) User=0.00s Sys=0.00s Real=0.00s
[2018-04-24T20:34:31.077-0500][7.903s] GC(8) Pause Young (Allocation Failure)
[2018-04-24T20:34:31.077-0500][7.903s] GC(8) Using 4 workers of 4 for evacuation
[2018-04-24T20:34:31.083-0500][7.909s] GC(8) ParNew: 101363K->21315K(109248K)
[2018-04-24T20:34:31.083-0500][7.909s] GC(8) CMS: 10123K->10123K(393216K)
[2018-04-24T20:34:31.083-0500][7.909s] GC(8) Metaspace: 35959K->35959K(1083392K)
[2018-04-24T20:34:31.083-0500][7.909s] GC(8) Pause Young (Allocation Failure) 108M->30M(490M) 5.724ms
[2018-04-24T20:34:31.083-0500][7.909s] GC(8) User=0.03s Sys=0.00s Real=0.01s
[2018-04-24T20:34:31.084-0500][7.910s] GC(9) Pause Initial Mark
[2018-04-24T20:34:31.085-0500][7.911s] GC(9) Pause Initial Mark 30M->30M(490M) 1.470ms
[2018-04-24T20:34:31.085-0500][7.911s] GC(9) User=0.00s Sys=0.00s Real=0.00s
[2018-04-24T20:34:31.085-0500][7.911s] GC(9) Concurrent Mark
[2018-04-24T20:34:31.085-0500][7.911s] GC(9) Using 4 workers of 4 for marking
[2018-04-24T20:34:31.088-0500][7.915s] GC(9) Concurrent Mark 3.324ms
[2018-04-24T20:34:31.089-0500][7.915s] GC(9) User=0.00s Sys=0.00s Real=0.00s
[2018-04-24T20:34:31.089-0500][7.915s] GC(9) Concurrent Preclean
[2018-04-24T20:34:31.089-0500][7.916s] GC(9) Concurrent Preclean 0.816ms
[2018-04-24T20:34:31.089-0500][7.916s] GC(9) User=0.00s Sys=0.00s Real=0.00s
[2018-04-24T20:34:31.089-0500][7.916s] GC(9) Pause Remark
[2018-04-24T20:34:31.090-0500][7.916s] GC(10) Pause Young (CMS Final Remark)
[2018-04-24T20:34:31.090-0500][7.916s] GC(10) Using 4 workers of 4 for evacuation
[2018-04-24T20:34:31.094-0500][7.920s] GC(10) ParNew: 21962K->15993K(109248K)
[2018-04-24T20:34:31.094-0500][7.920s] GC(10) CMS: 10123K->10123K(393216K)
[2018-04-24T20:34:31.094-0500][7.920s] GC(10) Metaspace: 35972K->35972K(1083392K)
[2018-04-24T20:34:31.094-0500][7.920s] GC(10) Pause Young (CMS Final Remark) 31M->25M(490M) 4.582ms
[2018-04-24T20:34:31.094-0500][7.920s] GC(10) User=0.06s Sys=0.00s Real=0.00s
[2018-04-24T20:34:31.105-0500][7.931s] GC(9) Pause Remark 31M->25M(490M) 15.700ms
[2018-04-24T20:34:31.105-0500][7.931s] GC(9) User=0.06s Sys=0.00s Real=0.02s
[2018-04-24T20:34:31.105-0500][7.931s] GC(9) Concurrent Sweep
[2018-04-24T20:34:31.107-0500][7.933s] GC(9) Concurrent Sweep 1.959ms
[2018-04-24T20:34:31.107-0500][7.933s] GC(9) User=0.00s Sys=0.00s Real=0.00s
[2018-04-24T20:34:31.107-0500][7.933s] GC(9) Concurrent Reset
[2018-04-24T20:34:31.107-0500][7.934s] GC(9) Concurrent Reset 0.263ms
[2018-04-24T20:34:31.108-0500][7.934s] GC(9) User=0.00s Sys=0.00s Real=0.00s
[2018-04-24T20:34:31.108-0500][7.934s] GC(9) Old: 10123K->9536K(393216K)
[2018-04-24T20:37:49.787-0500][206.613s] GC(11) Pause Young (Allocation Failure)
[2018-04-24T20:37:49.788-0500][206.614s] GC(11) Using 4 workers of 4 for evacuation
[2018-04-24T20:37:49.799-0500][206.625s] GC(11) ParNew: 103417K->21824K(109248K)
[2018-04-24T20:37:49.799-0500][206.625s] GC(11) CMS: 9536K->11708K(393216K)
[2018-04-24T20:37:49.799-0500][206.625s] GC(11) Metaspace: 40577K->40577K(1087488K)
[2018-04-24T20:37:49.799-0500][206.625s] GC(11) Pause Young (Allocation Failure) 110M->32M(490M) 11.695ms
[2018-04-24T20:37:49.799-0500][206.625s] GC(11) User=0.05s Sys=0.02s Real=0.01s
